@main(a: float) {
  cond: bool = const true;
  br cond .here .there;
.here:
  print a;
.there:
}
